0000 0000	xxxx xxxx xxxx xxxx xxxx xxxx xxxx xxxx	1101	0000 0001 0000 0001 0000 0001 0000 0001	0001 0000 0001 0000 0001 0000 0001 0000
0000 0001	xxxx xxxx xxxx xxxx xxxx xxxx xxxx xxxx	1101	1111 1111 1111 1111 1111 1111 1111 1111	0000 0000 0000 0000 0000 0000 0000 0010
0000 0010	xxxx xxxx xxxx xxxx xxxx xxxx xxxx xxxx	1101	1000 1000 1000 1000 1000 1000 1000 1000	0001 0001 0001 0001 0001 0001 0001 0001
0000 0011	xxxx xxxx xxxx xxxx xxxx xxxx xxxx xxxx	1101	1010 1011 1100 1101 1101 1101 1101 1101	1111 1111 1111 0010 0011 0100 0101 0110
