0000 0000	xxxx xxxx xxxx xxxx xxxx xxxx xxxx xxxx	xxxx xxxx xxxx xxxx xxxx xxxx xxxx xxxx	xxxx xxxx xxxx xxxx xxxx xxxx xxxx xxxx	xxxx xxxx xxxx xxxx xxxx xxxx xxxx xxxx	xxxx xxxx xxxx xxxx xxxx xxxx xxxx xxxx	xxxx xxxx xxxx xxxx xxxx xxxx xxxx xxxx	xxxx xxxx xxxx xxxx xxxx xxxx xxxx xxxx	xxxx xxxx xxxx xxxx xxxx xxxx xxxx xxxx	xxxx xxxx xxxx xxxx xxxx xxxx xxxx xxxx	xxxx xxxx xxxx xxxx xxxx xxxx xxxx xxxx	0 0001	0 0010	0 0001	0	1111 1111 1111 1111 1011 1110 1110 1111
0000 0001	xxxx xxxx xxxx xxxx xxxx xxxx xxxx xxxx	xxxx xxxx xxxx xxxx xxxx xxxx xxxx xxxx	xxxx xxxx xxxx xxxx xxxx xxxx xxxx xxxx	xxxx xxxx xxxx xxxx xxxx xxxx xxxx xxxx	xxxx xxxx xxxx xxxx xxxx xxxx xxxx xxxx	xxxx xxxx xxxx xxxx xxxx xxxx xxxx xxxx	xxxx xxxx xxxx xxxx xxxx xxxx xxxx xxxx	xxxx xxxx xxxx xxxx xxxx xxxx xxxx xxxx	xxxx xxxx xxxx xxxx xxxx xxxx xxxx xxxx	xxxx xxxx xxxx xxxx xxxx xxxx xxxx xxxx	0 0101	0 0101	0 0010	0	0000 0000 0000 0000 0000 1101 1010 1101
0000 0010	xxxx xxxx xxxx xxxx xxxx xxxx xxxx xxxx	xxxx xxxx xxxx xxxx xxxx xxxx xxxx xxxx	xxxx xxxx xxxx xxxx xxxx xxxx xxxx xxxx	xxxx xxxx xxxx xxxx xxxx xxxx xxxx xxxx	xxxx xxxx xxxx xxxx xxxx xxxx xxxx xxxx	xxxx xxxx xxxx xxxx xxxx xxxx xxxx xxxx	xxxx xxxx xxxx xxxx xxxx xxxx xxxx xxxx	xxxx xxxx xxxx xxxx xxxx xxxx xxxx xxxx	xxxx xxxx xxxx xxxx xxxx xxxx xxxx xxxx	xxxx xxxx xxxx xxxx xxxx xxxx xxxx xxxx	0 1001	0 1010	0 0101	0	1111 1111 1111 1111 1111 0000 0000 1101
0000 0011	xxxx xxxx xxxx xxxx xxxx xxxx xxxx xxxx	xxxx xxxx xxxx xxxx xxxx xxxx xxxx xxxx	xxxx xxxx xxxx xxxx xxxx xxxx xxxx xxxx	xxxx xxxx xxxx xxxx xxxx xxxx xxxx xxxx	xxxx xxxx xxxx xxxx xxxx xxxx xxxx xxxx	xxxx xxxx xxxx xxxx xxxx xxxx xxxx xxxx	xxxx xxxx xxxx xxxx xxxx xxxx xxxx xxxx	xxxx xxxx xxxx xxxx xxxx xxxx xxxx xxxx	xxxx xxxx xxxx xxxx xxxx xxxx xxxx xxxx	xxxx xxxx xxxx xxxx xxxx xxxx xxxx xxxx	0 0111	0 0111	0 0101	0	0000 0000 0000 0000 0101 0110 0111 1000
0000 0100	xxxx xxxx xxxx xxxx xxxx xxxx xxxx xxxx	xxxx xxxx xxxx xxxx xxxx xxxx xxxx xxxx	xxxx xxxx xxxx xxxx xxxx xxxx xxxx xxxx	xxxx xxxx xxxx xxxx xxxx xxxx xxxx xxxx	xxxx xxxx xxxx xxxx xxxx xxxx xxxx xxxx	xxxx xxxx xxxx xxxx xxxx xxxx xxxx xxxx	xxxx xxxx xxxx xxxx xxxx xxxx xxxx xxxx	xxxx xxxx xxxx xxxx xxxx xxxx xxxx xxxx	xxxx xxxx xxxx xxxx xxxx xxxx xxxx xxxx	xxxx xxxx xxxx xxxx xxxx xxxx xxxx xxxx	0 0000	0 0000	0 0000	0	0000 0000 0000 0000 0000 0000 0000 0000
0000 0101	xxxx xxxx xxxx xxxx xxxx xxxx xxxx xxxx	xxxx xxxx xxxx xxxx xxxx xxxx xxxx xxxx	xxxx xxxx xxxx xxxx xxxx xxxx xxxx xxxx	xxxx xxxx xxxx xxxx xxxx xxxx xxxx xxxx	xxxx xxxx xxxx xxxx xxxx xxxx xxxx xxxx	xxxx xxxx xxxx xxxx xxxx xxxx xxxx xxxx	xxxx xxxx xxxx xxxx xxxx xxxx xxxx xxxx	xxxx xxxx xxxx xxxx xxxx xxxx xxxx xxxx	xxxx xxxx xxxx xxxx xxxx xxxx xxxx xxxx	xxxx xxxx xxxx xxxx xxxx xxxx xxxx xxxx	0 0000	0 0000	0 0000	0	0000 0000 0000 0000 0000 0000 0000 0000
